// Jest Snapshot v1, https://goo.gl/fbAQLP

exports[`render DataPieChart() 1`] = `
<div
  className="PieChart"
>
  <div
    className="ChartTitle"
  />
  <PieChart
    clickHandler={[Function]}
    data={
      Array [
        Object {
          "key": "negative",
          "value": 3,
        },
        Object {
          "key": "neutral",
          "value": 133,
        },
        Object {
          "key": "positive",
          "value": 29,
        },
      ]
    }
    innerHoleSize={288}
    labels={true}
    margin={
      Object {
        "bottom": 50,
        "left": 50,
        "right": 50,
        "top": 50,
      }
    }
    mouseMoveHandler={[Function]}
    mouseOutHandler={[Function]}
    mouseOverHandler={[Function]}
    padding={2}
    size={576}
    styles={Object {}}
  />
</div>
`;
